// Jest Snapshot v1, https://goo.gl/fbAQLP

exports[`Logo should render successfully 1`] = `
<div
  className="logo"
>
  themoviedb
</div>
`;
