// Jest Snapshot v1, https://goo.gl/fbAQLP

exports[`app/index should render successfully 1`] = `"<x-app-container><x-provider><x-browser-router><x-app></x-app></x-browser-router></x-provider></x-app-container>"`;
