// Jest Snapshot v1, https://goo.gl/fbAQLP

exports[`Footer should render successfully 1`] = `
<footer
  className="footer"
>
  <ErrorBoundary>
    <Logo />
  </ErrorBoundary>
</footer>
`;
