// Jest Snapshot v1, https://goo.gl/fbAQLP

exports[`EmptyList should render successfully 1`] = `
<div
  className="list__message"
>
  No films found
</div>
`;
