// Jest Snapshot v1, https://goo.gl/fbAQLP

exports[`FilmButton should render successfully 1`] = `
<button
  className="film__button"
  onClick={[Function]}
>
  Search
</button>
`;
